// Vitest Snapshot v1, https://vitest.dev/guide/snapshot.html

exports[`Button > should render correctly 1`] = `
<button
  style={
    {
      "borderRadius": 8,
      "padding": 8,
    }
  }
>
  tombol
</button>
`;
