// Vitest Snapshot v1, https://vitest.dev/guide/snapshot.html

exports[`Navbar > should render correctly 1`] = `
<div>
  Navbar
</div>
`;
